ASxxxx Linker V03.00 + NoICE + sdld,  page 1.
Hexadecimal  [32-Bits]

Area                                    Addr        Size        Decimal Bytes (Attributes)
--------------------------------        ----        ----        ------- ----- ------------
.  .ABS.                            00000000    00000000 =           0. bytes (ABS,CON)

      Value  Global                              Global Defined In Module
      -----  --------------------------------   ------------------------
     00000000  .__.ABS.                           cpct_firmware
     00000000  .__.CPU.                           
     00000000  .__.H$L.                           
     00000000  FW_BLACK                           cpct_keyboard
     00000000  HW_WHITE                           cpct_keyboard
     00000000  PAL_PENR                           cpct_keyboard
     00000000  cpct_page00_asm                    cpct_keyboard
     00000000  l__DATA                         
     00000001  FW_BLUE                            cpct_keyboard
     00000002  FW_BRIGHT_BLUE                     cpct_keyboard
     00000002  HW_SEA_GREEN                       cpct_keyboard
     00000003  FW_RED                             cpct_keyboard
     00000003  HW_PASTEL_YELLOW                   cpct_keyboard
     00000004  FW_MAGENTA                         cpct_keyboard
     00000004  HW_BLUE                            cpct_keyboard
     00000005  FW_MAUVE                           cpct_keyboard
     00000005  HW_PURPLE                          cpct_keyboard
     00000006  FW_BRIGHT_RED                      cpct_keyboard
     00000006  HW_CYAN                            cpct_keyboard
     00000007  FW_PURPLE                          cpct_keyboard
     00000007  HW_PINK                            cpct_keyboard
     00000008  FW_BRIGHT_MAGENTA                  cpct_keyboard
     00000009  FW_GREEN                           cpct_keyboard
     0000000A  FW_CYAN                            cpct_keyboard
     0000000A  HW_BRIGHT_YELLOW                   cpct_keyboard
     0000000B  FW_SKY_BLUE                        cpct_keyboard
     0000000B  HW_BRIGHT_WHITE                    cpct_keyboard
     0000000C  FW_YELLOW                          cpct_keyboard
     0000000C  HW_BRIGHT_RED                      cpct_keyboard
     0000000D  FW_WHITE                           cpct_keyboard
     0000000D  HW_BRIGHT_MAGENTA                  cpct_keyboard
     0000000E  FW_PASTEL_BLUE                     cpct_keyboard
     0000000E  HW_ORANGE                          cpct_keyboard
     0000000F  FW_ORANGE                          cpct_keyboard
     0000000F  HW_PASTEL_MAGENTA                  cpct_keyboard
     00000010  FW_PINK                            cpct_keyboard
     00000010  cpct_page40_asm                    cpct_keyboard
     00000011  FW_PASTEL_MAGENTA                  cpct_keyboard
     00000012  FW_BRIGHT_GREEN                    cpct_keyboard
     00000012  HW_BRIGHT_GREEN                    cpct_keyboard
     00000013  FW_SEA_GREEN                       cpct_keyboard
     00000013  HW_BRIGHT_CYAN                     cpct_keyboard
     00000014  FW_BRIGHT_CYAN                     cpct_keyboard
     00000014  HW_BLACK                           cpct_keyboard
     00000015  FW_LIME                            cpct_keyboard
     00000015  HW_BRIGHT_BLUE                     cpct_keyboard
     00000016  FW_PASTEL_GREEN                    cpct_keyboard
     00000016  HW_GREEN                           cpct_keyboard
     00000016  opc_LD_D                           cpct_keyboard
     00000017  FW_PASTEL_CYAN                     cpct_keyboard
ASxxxx Linker V03.00 + NoICE + sdld,  page 2.
Hexadecimal  [32-Bits]

Area                                    Addr        Size        Decimal Bytes (Attributes)
--------------------------------        ----        ----        ------- ----- ------------
.  .ABS.                            00000000    00000000 =           0. bytes (ABS,CON)

      Value  Global                              Global Defined In Module
      -----  --------------------------------   ------------------------
     00000017  HW_SKY_BLUE                        cpct_keyboard
     00000018  FW_BRIGHT_YELLOW                   cpct_keyboard
     00000018  HW_MAGENTA                         cpct_keyboard
     00000018  opc_JR                             cpct_keyboard
     00000019  FW_PASTEL_YELLOW                   cpct_keyboard
     00000019  HW_PASTEL_GREEN                    cpct_keyboard
     0000001A  FW_BRIGHT_WHITE                    cpct_keyboard
     0000001A  HW_LIME                            cpct_keyboard
     0000001B  HW_PASTEL_CYAN                     cpct_keyboard
     0000001C  HW_RED                             cpct_keyboard
     0000001D  HW_MAUVE                           cpct_keyboard
     0000001E  HW_YELLOW                          cpct_keyboard
     0000001F  HW_PASTEL_BLUE                     cpct_keyboard
     00000020  cpct_page80_asm                    cpct_keyboard
     00000030  cpct_pageC0_asm                    cpct_keyboard
     00000040  PAL_INKR                           cpct_keyboard
     0000007F  GA_port_byte                       cpct_keyboard
     000000BC  CRTC_SELECTREG                     cpct_keyboard
     000000BD  CRTC_SETVAL                        cpct_keyboard
     000000F3  opc_DI                             cpct_keyboard
     000000F5  PPI_PORT_B                         cpct_keyboard
     000000FB  opc_EI                             cpct_keyboard
     00000100  Key_CursorUp                       cpct_keyboard
     00000101  Key_CursorLeft                     cpct_keyboard
     00000102  Key_Clr                            cpct_keyboard
     00000103  Key_Caret                          cpct_keyboard
     00000104  Key_0                              cpct_keyboard
     00000105  Key_8                              cpct_keyboard
     00000106  Joy1_Up                            cpct_keyboard
     00000106  Key_6                              cpct_keyboard
     00000107  Key_4                              cpct_keyboard
     00000108  Key_1                              cpct_keyboard
     00000108  l__CODE                         
     00000109  Joy0_Up                            cpct_keyboard
     00000200  Key_CursorRight                    cpct_keyboard
     00000201  Key_Copy                           cpct_keyboard
     00000202  Key_OpenBracket                    cpct_keyboard
     00000203  Key_Hyphen                         cpct_keyboard
     00000204  Key_9                              cpct_keyboard
     00000205  Key_7                              cpct_keyboard
     00000206  Joy1_Down                          cpct_keyboard
     00000206  Key_5                              cpct_keyboard
     00000207  Key_3                              cpct_keyboard
     00000208  Key_2                              cpct_keyboard
     00000209  Joy0_Down                          cpct_keyboard
     00000400  Key_CursorDown                     cpct_keyboard
     00000401  Key_F7                             cpct_keyboard
     00000402  Key_Return                         cpct_keyboard
     00000403  Key_At                             cpct_keyboard
     00000404  Key_O                              cpct_keyboard
     00000405  Key_U                              cpct_keyboard
ASxxxx Linker V03.00 + NoICE + sdld,  page 3.
Hexadecimal  [32-Bits]

Area                                    Addr        Size        Decimal Bytes (Attributes)
--------------------------------        ----        ----        ------- ----- ------------
.  .ABS.                            00000000    00000000 =           0. bytes (ABS,CON)

      Value  Global                              Global Defined In Module
      -----  --------------------------------   ------------------------
     00000406  Joy1_Left                          cpct_keyboard
     00000406  Key_R                              cpct_keyboard
     00000407  Key_E                              cpct_keyboard
     00000408  Key_Esc                            cpct_keyboard
     00000409  Joy0_Left                          cpct_keyboard
     00000800  Key_F9                             cpct_keyboard
     00000801  Key_F8                             cpct_keyboard
     00000802  Key_CloseBracket                   cpct_keyboard
     00000803  Key_P                              cpct_keyboard
     00000804  Key_I                              cpct_keyboard
     00000805  Key_Y                              cpct_keyboard
     00000806  Joy1_Right                         cpct_keyboard
     00000806  Key_T                              cpct_keyboard
     00000807  Key_W                              cpct_keyboard
     00000808  Key_Q                              cpct_keyboard
     00000809  Joy0_Right                         cpct_keyboard
     00001000  Key_F6                             cpct_keyboard
     00001001  Key_F5                             cpct_keyboard
     00001002  Key_F4                             cpct_keyboard
     00001003  Key_SemiColon                      cpct_keyboard
     00001004  Key_L                              cpct_keyboard
     00001005  Key_H                              cpct_keyboard
     00001006  Joy1_Fire1                         cpct_keyboard
     00001006  Key_G                              cpct_keyboard
     00001007  Key_S                              cpct_keyboard
     00001008  Key_Tab                            cpct_keyboard
     00001009  Joy0_Fire1                         cpct_keyboard
     00002000  Key_F3                             cpct_keyboard
     00002001  Key_F1                             cpct_keyboard
     00002002  Key_Shift                          cpct_keyboard
     00002003  Key_Colon                          cpct_keyboard
     00002004  Key_K                              cpct_keyboard
     00002005  Key_J                              cpct_keyboard
     00002006  Joy1_Fire2                         cpct_keyboard
     00002006  Key_F                              cpct_keyboard
     00002007  Key_D                              cpct_keyboard
     00002008  Key_A                              cpct_keyboard
     00002009  Joy0_Fire2                         cpct_keyboard
     00002710  .__.$$$.                           
     00004000  Key_Enter                          cpct_keyboard
     00004000  s__CODE                         
     00004001  Key_F2                             cpct_keyboard
     00004002  Key_BackSlash                      cpct_keyboard
     00004003  Key_Slash                          cpct_keyboard
     00004004  Key_M                              cpct_keyboard
     00004005  Key_N                              cpct_keyboard
     00004006  Joy1_Fire3                         cpct_keyboard
     00004006  Key_B                              cpct_keyboard
     00004007  Key_C                              cpct_keyboard
     00004008  Key_CapsLock                       cpct_keyboard
     00004009  Joy0_Fire3                         cpct_keyboard
ASxxxx Linker V03.00 + NoICE + sdld,  page 4.
Hexadecimal  [32-Bits]

Area                                    Addr        Size        Decimal Bytes (Attributes)
--------------------------------        ----        ----        ------- ----- ------------
.  .ABS.                            00000000    00000000 =           0. bytes (ABS,CON)

      Value  Global                              Global Defined In Module
      -----  --------------------------------   ------------------------
     00004108  s__DATA                         
     00007F00  GA_port                            cpct_keyboard
     00008000  Key_FDot                           cpct_keyboard
     00008001  Key_F0                             cpct_keyboard
     00008002  Key_Control                        cpct_keyboard
     00008003  Key_Dot                            cpct_keyboard
     00008004  Key_Comma                          cpct_keyboard
     00008005  Key_Space                          cpct_keyboard
     00008006  Key_V                              cpct_keyboard
     00008007  Key_X                              cpct_keyboard
     00008008  Key_Z                              cpct_keyboard
     00008009  Key_Del                            cpct_keyboard
     0000C000  CPCT_VMEM_START_ASM                cpct_keyboard
ASxxxx Linker V03.00 + NoICE + sdld,  page 5.
Hexadecimal  [32-Bits]

Area                                    Addr        Size        Decimal Bytes (Attributes)
--------------------------------        ----        ----        ------- ----- ------------
_CODE                               00004000    00000108 =         264. bytes (REL,CON)

      Value  Global                              Global Defined In Module
      -----  --------------------------------   ------------------------
     00004000  init_e                             cpct_keyboard
     00004005  create_entity                      cpct_keyboard
     00004012  _main                              cpct_keyboard
     0000402D  repeat                             cpct_keyboard
     00004038  sys_physics_update_one_entity      
     00004049  destroy_entity                     
     00004049  no_zero                            
     0000404A  sys_physics_update                 
     00004051  m_entities                         
     00004083  m_next_free_entity                 
     00004085  max_entities                       
     00004086  m_function_given_forall            
     00004088  m_test_delete                      
     0000408A  man_entity_init                    
     0000409C  man_entity_create                  
     000040AB  man_entity_forall                  
     000040B8  repeat_man_entity_forall           
     000040C2  repeat_inc_hl                      
     000040C9  entity_no_valid                    
     000040CA  _cpct_setPALColour                 cpct_video
     000040D6  _cpct_setVideoMode                 cpct_video
     000040E4  _cpct_memcpy                       cpct_memutils
     000040EC  cpct_memset_asm                    cpct_memutils
     000040F4  cpct_memcpy_asm                    cpct_memutils
     000040F7  _cpct_disableFirmware              cpct_firmware
     000040F7  _cpct_removeInterruptHandler       cpct_firmware
     000040F7  cpct_disableFirmware_asm           cpct_firmware
     000040F7  cpct_removeInterruptHandler_asm    cpct_firmware
     00004107  _cpct_mode_rom_status              cpct_firmware

ASxxxx Linker V03.00 + NoICE + sdld,  page 6.

Files Linked                              [ module(s) ]

obj/main.rel                              [ cpct_keyboard ]
obj/sys/physics.rel                       [  ]
obj/man/entity.rel                        [  ]


Libraries Linked                          [ object file ]

/home/farravid/Documents/cpctelera/cpctelera/cpctelera.lib
                                          [ cpct_setPALColour_cbindings.rel ]
/home/farravid/Documents/cpctelera/cpctelera/cpctelera.lib
                                          [ cpct_setVideoMode_cbindings.rel ]
/home/farravid/Documents/cpctelera/cpctelera/cpctelera.lib
                                          [ cpct_memcpy_cbindings.rel ]
/home/farravid/Documents/cpctelera/cpctelera/cpctelera.lib
                                          [ cpct_memset_asmbinding.rel ]
/home/farravid/Documents/cpctelera/cpctelera/cpctelera.lib
                                          [ cpct_memcpy_asmbindings.rel ]
/home/farravid/Documents/cpctelera/cpctelera/cpctelera.lib
                                          [ cpct_removeInterruptHandler.rel ]
/home/farravid/Documents/cpctelera/cpctelera/cpctelera.lib
                                          [ cpc_mode_rom_status.rel ]

ASxxxx Linker V03.00 + NoICE + sdld,  page 7.

User Base Address Definitions

_CODE = 0x4000
_DATA = 0x0000

